12:32:42 **** Incremental Build of configuration Debug for project Task1 ****
make -j8 all 
arm-none-eabi-gcc "../Core/Src/main.c" -mcpu=cortex-m3 -std=gnu11 -g3 -DDEBUG -DUSE_HAL_DRIVER -DSTM32F103xB -c -I../Core/Inc -I../Drivers/STM32F1xx_HAL_Driver/Inc/Legacy -I../Drivers/STM32F1xx_HAL_Driver/Inc -I../Drivers/CMSIS/Device/ST/STM32F1xx/Include -I../Drivers/CMSIS/Include -O0 -ffunction-sections -fdata-sections -Wall -fstack-usage -fcyclomatic-complexity -MMD -MP -MF"Core/Src/main.d" -MT"Core/Src/main.o" --specs=nano.specs -mfloat-abi=soft -mthumb -o "Core/Src/main.o"
arm-none-eabi-gcc -o "Task1.elf" @"objects.list"   -mcpu=cortex-m3 -T"D:\GeekBrains\C_for_IoT\Sem2\SemTasks\Task1\STM32F103RBTX_FLASH.ld" --specs=nosys.specs -Wl,-Map="Task1.map" -Wl,--gc-sections -static --specs=nano.specs -mfloat-abi=soft -mthumb -Wl,--start-group -lc -lm -Wl,--end-group
Finished building target: Task1.elf
 
arm-none-eabi-size  Task1.elf 
arm-none-eabi-objdump -h -S Task1.elf  > "Task1.list"
   text	   data	    bss	    dec	    hex	filename
   4584	     12	   1572	   6168	   1818	Task1.elf
Finished building: default.size.stdout
 
Finished building: Task1.list
 

12:32:43 Build Finished. 0 errors, 0 warnings. (took 669ms)

